{
 "eng.1": {
  "days": 789,
  "events_completed": 810,
  "fetched": 809,
  "skipped_known": 0,
  "no_xi": 0,
  "failures": 1
 },
 "esp.1": {
  "days": 789,
  "events_completed": 829,
  "fetched": 829,
  "skipped_known": 0,
  "no_xi": 0,
  "failures": 0
 },
 "ger.1": {
  "days": 789,
  "events_completed": 647,
  "fetched": 612,
  "skipped_known": 0,
  "no_xi": 0,
  "failures": 38
 },
 "ita.1": {
  "days": 789,
  "events_completed": 810,
  "fetched": 810,
  "skipped_known": 0,
  "no_xi": 0,
  "failures": 0
 },
 "fra.1": {
  "days": 789,
  "events_completed": 657,
  "fetched": 657,
  "skipped_known": 0,
  "no_xi": 0,
  "failures": 0
 }
}
