[capture] fast mode: 253 series with markets at last full discovery; new series are always swept
{
  "batch": "cap-20261007T132442Z",
  "complete": true,
  "discovered": 4812,
  "written": 1056,
  "path": "work/snapshots/2026-10-07/cap-20261007T132442Z.jsonl"
}
[slate] {"slate_id": "slate-20261007T132443Z-25852c", "mode": "reprice_only", "fixtures": 10, "contract_sides": 280, "simulations_run": 0, "odds_api_calls": 0, "reprice_runtime_s": 0.14, "price_changes_vs_previous": 26}
[dispatch] holding 12.1 min (next window opens in 414.8 min)
[capture] fast mode: 253 series with markets at last full discovery; new series are always swept
{
  "batch": "cap-20261007T133942Z",
  "complete": true,
  "discovered": 4812,
  "written": 975,
  "path": "work/snapshots/2026-10-07/cap-20261007T133942Z.jsonl"
}
[slate] {"slate_id": "slate-20261007T133942Z-2115b5", "mode": "reprice_only", "fixtures": 10, "contract_sides": 280, "simulations_run": 0, "odds_api_calls": 0, "reprice_runtime_s": 0.121, "price_changes_vs_previous": 41}
[dispatch] holding 12.2 min (next window opens in 399.8 min)
[dispatch] holding 0.5 min (next window opens in 387.7 min)
[capture] fast mode: 253 series with markets at last full discovery; new series are always swept
{
  "batch": "cap-20261007T135510Z",
  "complete": true,
  "discovered": 4812,
  "written": 876,
  "path": "work/snapshots/2026-10-07/cap-20261007T135510Z.jsonl"
}
[slate] {"slate_id": "slate-20261007T135511Z-938cf5", "mode": "reprice_only", "fixtures": 10, "contract_sides": 280, "simulations_run": 0, "odds_api_calls": 0, "reprice_runtime_s": 0.114, "price_changes_vs_previous": 28}
[dispatch] holding 11.8 min (next window opens in 384.0 min)
[capture] fast mode: 253 series with markets at last full discovery; new series are always swept
{
  "batch": "cap-20261007T141010Z",
  "complete": true,
  "discovered": 4922,
  "written": 1022,
  "path": "work/snapshots/2026-10-07/cap-20261007T141010Z.jsonl"
}
[slate] {"slate_id": "slate-20261007T141011Z-94d84e", "mode": "reprice_only", "fixtures": 10, "contract_sides": 280, "simulations_run": 0, "odds_api_calls": 0, "reprice_runtime_s": 0.106, "price_changes_vs_previous": 30}
[dispatch] holding 11.7 min (next window opens in 369.3 min)
[dispatch] holding 0.5 min (next window opens in 357.7 min)
[capture] fast mode: 253 series with markets at last full discovery; new series are always swept
{
  "batch": "cap-20261007T142512Z",
  "complete": true,
  "discovered": 4922,
  "written": 994,
  "path": "work/snapshots/2026-10-07/cap-20261007T142512Z.jsonl"
}
[slate] {"slate_id": "slate-20261007T142513Z-62aa71", "mode": "reprice_only", "fixtures": 10, "contract_sides": 280, "simulations_run": 0, "odds_api_calls": 0, "reprice_runtime_s": 0.114, "price_changes_vs_previous": 22}
[dispatch] holding 12.2 min (next window opens in 354.3 min)
[capture] fast mode: 253 series with markets at last full discovery; new series are always swept
{
  "batch": "cap-20261007T144012Z",
  "complete": true,
  "discovered": 4922,
  "written": 873,
  "path": "work/snapshots/2026-10-07/cap-20261007T144012Z.jsonl"
}
[slate] {"slate_id": "slate-20261007T144012Z-e5a9b8", "mode": "reprice_only", "fixtures": 10, "contract_sides": 280, "simulations_run": 0, "odds_api_calls": 0, "reprice_runtime_s": 0.111, "price_changes_vs_previous": 19}
[dispatch] holding 11.6 min (next window opens in 339.3 min)
[dispatch] holding 0.5 min (next window opens in 327.7 min)
[capture] fast mode: 253 series with markets at last full discovery; new series are always swept
{
  "batch": "cap-20261007T145512Z",
  "complete": true,
  "discovered": 4922,
  "written": 1012,
  "path": "work/snapshots/2026-10-07/cap-20261007T145512Z.jsonl"
}
[slate] {"slate_id": "slate-20261007T145513Z-3c586c", "mode": "reprice_only", "fixtures": 10, "contract_sides": 580, "simulations_run": 0, "odds_api_calls": 0, "reprice_runtime_s": 0.125, "price_changes_vs_previous": 43}
[dispatch] holding 11.9 min (next window opens in 324.0 min)
[capture] fast mode: 253 series with markets at last full discovery; new series are always swept
{
  "batch": "cap-20261007T151013Z",
  "complete": true,
  "discovered": 4922,
  "written": 805,
  "path": "work/snapshots/2026-10-07/cap-20261007T151013Z.jsonl"
}
[slate] {"slate_id": "slate-20261007T151013Z-9872cb", "mode": "reprice_only", "fixtures": 10, "contract_sides": 580, "simulations_run": 0, "odds_api_calls": 0, "reprice_runtime_s": 0.326, "price_changes_vs_previous": 49}
[dispatch] holding 10.9 min (next window opens in 308.6 min)
[dispatch] holding 0.6 min (next window opens in 297.7 min)
[capture] fast mode: 253 series with markets at last full discovery; new series are always swept
{
  "batch": "cap-20261007T152514Z",
  "complete": true,
  "discovered": 4922,
  "written": 813,
  "path": "work/snapshots/2026-10-07/cap-20261007T152514Z.jsonl"
}
[slate] {"slate_id": "slate-20261007T152514Z-1306db", "mode": "reprice_only", "fixtures": 10, "contract_sides": 580, "simulations_run": 0, "odds_api_calls": 0, "reprice_runtime_s": 0.124, "price_changes_vs_previous": 22}
[dispatch] holding 12.1 min (next window opens in 294.2 min)
[capture] fast mode: 253 series with markets at last full discovery; new series are always swept
{
  "batch": "cap-20261007T154014Z",
  "complete": true,
  "discovered": 4922,
  "written": 844,
  "path": "work/snapshots/2026-10-07/cap-20261007T154014Z.jsonl"
}
[slate] {"slate_id": "slate-20261007T154014Z-76381c", "mode": "reprice_only", "fixtures": 10, "contract_sides": 580, "simulations_run": 0, "odds_api_calls": 0, "reprice_runtime_s": 0.124, "price_changes_vs_previous": 29}
[dispatch] holding 11.6 min (next window opens in 279.3 min)
[dispatch] holding 0.6 min (next window opens in 267.7 min)
[capture] fast mode: 253 series with markets at last full discovery; new series are always swept
{
  "batch": "cap-20261007T155514Z",
  "complete": true,
  "discovered": 4922,
  "written": 949,
  "path": "work/snapshots/2026-10-07/cap-20261007T155514Z.jsonl"
}
[slate] {"slate_id": "slate-20261007T155515Z-d3c054", "mode": "reprice_only", "fixtures": 10, "contract_sides": 580, "simulations_run": 0, "odds_api_calls": 0, "reprice_runtime_s": 0.135, "price_changes_vs_previous": 30}
[dispatch] holding 11.9 min (next window opens in 263.9 min)
[capture] fast mode: 253 series with markets at last full discovery; new series are always swept
{
  "batch": "cap-20261007T161014Z",
  "complete": true,
  "discovered": 4922,
  "written": 785,
  "path": "work/snapshots/2026-10-07/cap-20261007T161014Z.jsonl"
}
[slate] {"slate_id": "slate-20261007T161014Z-e1fb27", "mode": "reprice_only", "fixtures": 10, "contract_sides": 580, "simulations_run": 0, "odds_api_calls": 0, "reprice_runtime_s": 0.133, "price_changes_vs_previous": 24}
[dispatch] holding 11.6 min (next window opens in 249.2 min)
[dispatch] holding 0.6 min (next window opens in 237.7 min)
[capture] fast mode: 253 series with markets at last full discovery; new series are always swept
{
  "batch": "cap-20261007T162515Z",
  "complete": true,
  "discovered": 4922,
  "written": 686,
  "path": "work/snapshots/2026-10-07/cap-20261007T162515Z.jsonl"
}
[slate] {"slate_id": "slate-20261007T162516Z-fb473d", "mode": "reprice_only", "fixtures": 10, "contract_sides": 580, "simulations_run": 0, "odds_api_calls": 0, "reprice_runtime_s": 0.375, "price_changes_vs_previous": 20}
[dispatch] holding 12.1 min (next window opens in 234.2 min)
[capture] fast mode: 253 series with markets at last full discovery; new series are always swept
{
  "batch": "cap-20261007T164015Z",
  "complete": true,
  "discovered": 4922,
  "written": 891,
  "path": "work/snapshots/2026-10-07/cap-20261007T164015Z.jsonl"
}
[slate] {"slate_id": "slate-20261007T164016Z-71250e", "mode": "reprice_only", "fixtures": 10, "contract_sides": 580, "simulations_run": 0, "odds_api_calls": 0, "reprice_runtime_s": 0.153, "price_changes_vs_previous": 19}
[dispatch] holding 11.5 min (next window opens in 219.2 min)
[dispatch] holding 0.6 min (next window opens in 207.7 min)
[capture] fast mode: 253 series with markets at last full discovery; new series are always swept
{
  "batch": "cap-20261007T165516Z",
  "complete": true,
  "discovered": 4922,
  "written": 1014,
  "path": "work/snapshots/2026-10-07/cap-20261007T165516Z.jsonl"
}
[slate] {"slate_id": "slate-20261007T165517Z-ead05b", "mode": "reprice_only", "fixtures": 10, "contract_sides": 580, "simulations_run": 0, "odds_api_calls": 0, "reprice_runtime_s": 0.161, "price_changes_vs_previous": 27}
[dispatch] holding 11.2 min (next window opens in 203.2 min)
[capture] fast mode: 253 series with markets at last full discovery; new series are always swept
{
  "batch": "cap-20261007T171016Z",
  "complete": true,
  "discovered": 4922,
  "written": 776,
  "path": "work/snapshots/2026-10-07/cap-20261007T171016Z.jsonl"
}
[slate] {"slate_id": "slate-20261007T171017Z-ab14a3", "mode": "reprice_only", "fixtures": 10, "contract_sides": 580, "simulations_run": 0, "odds_api_calls": 0, "reprice_runtime_s": 0.154, "price_changes_vs_previous": 15}
[dispatch] holding 11.1 min (next window opens in 188.8 min)
[dispatch] holding 0.6 min (next window opens in 177.7 min)
[capture] fast mode: 253 series with markets at last full discovery; new series are always swept
{
  "batch": "cap-20261007T172517Z",
  "complete": true,
  "discovered": 4919,
  "written": 1115,
  "path": "work/snapshots/2026-10-07/cap-20261007T172517Z.jsonl"
}
[slate] {"slate_id": "slate-20261007T172518Z-8cc553", "mode": "reprice_only", "fixtures": 10, "contract_sides": 580, "simulations_run": 0, "odds_api_calls": 0, "reprice_runtime_s": 0.166, "price_changes_vs_previous": 22}
[dispatch] holding 12.1 min (next window opens in 174.1 min)
[capture] fast mode: 253 series with markets at last full discovery; new series are always swept
{
  "batch": "cap-20261007T174017Z",
  "complete": true,
  "discovered": 4919,
  "written": 965,
  "path": "work/snapshots/2026-10-07/cap-20261007T174017Z.jsonl"
}
[data] historical: 3602 matches from club_football_match_data; flags=['ok']
[data] eng.premier_league 2026-27: 380 fixtures, 45 results (25 new vs historical)
[data] esp.la_liga 2026-27: 380 fixtures, 64 results (36 new vs historical)
[data] ger.bundesliga 2026-27: 306 fixtures, 33 results (25 new vs historical)
[data] ita.serie_a 2026-27: 380 fixtures, 50 results (30 new vs historical)
[data] fra.ligue_1 2026-27: 306 fixtures, 41 results (24 new vs historical)
[data] usa.mls: espn 31 fixtures, 1174 pooled results (usa.1)
[data] mex.liga_mx: espn 9 fixtures, 692 pooled results (mex.1)
[data] bra.serie_a: espn 20 fixtures, 658 pooled results (bra.1)
[data] arg.primera: espn 24 fixtures, 1151 pooled results (arg.1)
[data] uefa.nations_league: espn 26 fixtures, 1142 pooled results (uefa.nations,fifa.friendly,fifa.worldq.uefa,fifa.worldq.conmebol,fifa.worldq.concacaf,fifa.worldq.afc,fifa.worldq.caf,uefa.euroq,concacaf.nations.league)
[data] fifa.friendly: espn 7 fixtures, 1142 pooled results (uefa.nations,fifa.friendly,fifa.worldq.uefa,fifa.worldq.conmebol,fifa.worldq.concacaf,fifa.worldq.afc,fifa.worldq.caf,uefa.euroq,concacaf.nations.league)
[data] concacaf.nations_league: espn 17 fixtures, 1142 pooled results (uefa.nations,fifa.friendly,fifa.worldq.uefa,fifa.worldq.conmebol,fifa.worldq.concacaf,fifa.worldq.afc,fifa.worldq.caf,uefa.euroq,concacaf.nations.league)
[data] fifa.world_cup_qualifiers: espn 0 fixtures, 1142 pooled results (uefa.nations,fifa.friendly,fifa.worldq.uefa,fifa.worldq.conmebol,fifa.worldq.concacaf,fifa.worldq.afc,fifa.worldq.caf,uefa.euroq,concacaf.nations.league)
[data] uefa.euro_qualifiers: espn 0 fixtures, 1142 pooled results (uefa.nations,fifa.friendly,fifa.worldq.uefa,fifa.worldq.conmebol,fifa.worldq.concacaf,fifa.worldq.afc,fifa.worldq.caf,uefa.euroq,concacaf.nations.league)
[kalshi] fast mode: sweeping 253 series with markets at the last full discovery
[kalshi] fast reconciliation: {"complete_relative_to_full": true, "evidence_level": "series"}
[kalshi] {"run_id": "disc-20261007T173758Z-945e43", "complete": true, "series_total": 14716, "series_by_ownership": {"not_soccer": 13190, "soccer": 1392, "ambiguous": 134}, "series_swept": 259, "series_ambiguous_unswept": 133, "series_skipped_fast_mode": 1134, "series_ambiguous_unswept_tickers": ["KX1HOMEGAME", "KX1STHOMEGAME", "KXACQUIREMANU", "KXAFCA", "KXAFCAC1H", "KXAFCAC1HBTTS", "KXAFCAC1HSPREAD", "KXAFCAC1HTOTAL", "KXAFCACADVANCE", "KXAFCACBTTS", "KXAFCACFTTS", "KXAFCACGAME", "KXAFCACMOV", "KXAFCACSCORE", "KXAFCACSPREAD", "KXAFCACTEAMTOTAL", "KXAFCACTOTAL", "KXAFCCL1H", "KXAFCCL1HBTTS", "KXAFCCL1HSPREAD", "KXAFCCL1HTOTAL", "KXAFCCLADVANCE", "KXAFCCLBTTS", "KXAFCCLFTTS", "KXAFCCLGAME", "KXAFCCLMOF", "KXAFCCLMOV", "KXAFCCLSCORE", "KXAFCCLSPREAD", "KXAFCCLTEAMTOTAL", "KXAFCCLTOTAL", "KXAFCON", "KXAFCON1H", "KXAFCON1HBTTS", "KXAFCON1HSPREAD", "KXAFCON1HTOTAL", "KXAFCONADVANCE", "KXAFCONBTTS", "KXAFCONFTTS", "KXAFCONGAME", "KXAFCONMOV", "KXAFCONSCORE", "KXAFCONSPREAD", "KXAFCONTEAMTOTAL", "KXAFCONTOTAL", "KXAFLGAME", "KXALEAGUE1H", "KXALEAGUE1HBTTS", "KXALEAGUE1HSPREAD", "KXALEAGUE1HTOTAL", "KXALEAGUEADVANCE", "KXALEAGUEBTTS", "KXALEAGUEGAME", "KXALEAGUESPREAD", "KXALEAGUETEAMTOTAL", "KXALEAGUETOTAL", "KXALLSVENSKANADVANCE", "KXALLSVENSKANBTTS", "KXALLSVENSKANGAME", "KXALLSVENSKANSPREAD", "KXALLSVENSKANTOTAL", "KXALMVP", "KXAPFDDHADVANCE", "KXARCHIVETEST", "KXARGNACBADVANCE", "KXARGPREMDIVADVANCE", "KXARGPREMDIVBTTS", "KXARGPREMDIVGAME", "KXARGPREMDIVSPREAD", "KXARGPREMDIVTOTAL", "KXARKCOACH", "KXARODGRETIRE", "KXARSENALCUPS", "KXASEANADVANCE", "KXASEANBTTS", "KXASEANGAME", "KXASEANSPREAD", "KXASEANTOTAL", "KXATLCOACH", "KXAUBCOACH", "KXBABYNAMEBOY", "KXBABYNAMEGIRL", "KXBALLERLEAGUE", "KXBALLERLEAGUEGAME", "KXBALOGUNPLAY", "KXBELGIANPLADVANCE", "KXBELGIANPLBTTS", "KXBELGIANPLGAME", "KXBELGIANPLSPREAD", "KXBELGIANPLTOTAL", "KXBOLPDIVADVANCE", "KXBOLPDIVGAME", "KXBRASILEIRO1H", "KXBRASILEIRO1HBTTS", "KXBRASILEIRO1HSPREAD", "KXBRASILEIRO1HTOTAL", "KXBRASILEIROADVANCE", "KXBRASILEIROBADVANCE", "KXBRASILEIROBTEAMTOTAL", "KXBRASILEIROC1H", "KXBRASILEIROC1HBTTS", "KXBRASILEIROC1HSPREAD", "KXBRASILEIROC1HTOTAL", "KXBRASILEIROCADVANCE", "KXBRASILEIROCTEAMTOTAL", "KXBRASILEIROFTTS", "KXBRASILEIROMOV", "KXBRASILEIRORELEGATION", "KXBRASILEIROSCORE", "KXBRASILEIROTEAMTOTAL", "KXBRASILEIROTOP", "KXBUNDESLIGA1H", "KXBUNDESLIGA1HBTTS", "KXBUNDESLIGA1HSCORE", "KXBUNDESLIGA1HSPREAD", "KXBUNDESLIGA1HTOTAL", "KXBUNDESLIGA2ADVANCE", "KXBUNDESLIGA2BTTS", "KXBUNDESLIGA2GAME", "KXBUNDESLIGA2H", "KXBUNDESLIGA2HBTTS", "KXBUNDESLIGA2HSPREAD", "KXBUNDESLIGA2HTOTAL", "KXBUNDESLIGA2SPREAD", "KXBUNDESLIGA2TOTAL", "KXBUNDESLIGAADVANCE", "KXBUNDESLIGABTTS", "KXBUNDESLIGACORNERS", "KXBUNDESLIGAFIRSTGOAL", "KXBUNDESLIGAFTTS", "KXBUNDESLIGAGOAL", "KXBUNDESLIGAMOV", "KXBUNDESLIGASCORE", "KXBUNDESLIGASPREAD", "KXBUNDESLIGATCORNERS", "KXBUNDESLIGATEAMTOTAL", "KXBUNDESLIGATOP4", "KXBUNDESLIGATOTAL", "KXCALCOACH", "KXCANIMAKETHIS", "KXCANPLADVANCE", "KXCANPLBTTS", "KXCANPLSPREAD", "KXCANPLTOTAL", "KXCCARCOACH", "KXCFLGAME", "KXCFLSPREAD", "KXCFLTOTAL", "KXCHLLDPADVANCE", "KXCHLLDPBTTS", "KXCHLLDPGAME", "KXCHLLDPSPREAD", "KXCHLLDPTOTAL", "KXCHNL1ADVANCE", "KXCHNL1BTTS", "KXCHNL1SPREAD", "KXCHNL1TOTAL", "KXCHNSLADVANCE", "KXCHNSLBTTS", "KXCHNSLGAME", "KXCHNSLSPREAD", "KXCHNSLTOTAL", "KXCLUBFBTTS", "KXCLUBFGAME", "KXCLUBFSPREAD", "KXCLUBFTOTAL", "KXCLUBWC", "KXCLUBWC1H", "KXCLUBWC1HBTTS", "KXCLUBWC1HSCORE", "KXCLUBWC1HSPREAD", "KXCLUBWC1HTOTAL", "KXCLUBWC2H", "KXCLUBWC2HBTTS", "KXCLUBWC2HSPREAD", "KXCLUBWC2HTOTAL", "KXCLUBWCADVANCE", "KXCLUBWCBTTS", "KXCLUBWCFTTS", "KXCLUBWCGA", "KXCLUBWCGAME", "KXCLUBWCGB", "KXCLUBWCGC", "KXCLUBWCGD", "KXCLUBWCGE", "KXCLUBWCGF", "KXCLUBWCGG", "KXCLUBWCGH", "KXCLUBWCMOF", "KXCLUBWCMOV", "KXCLUBWCSCORE", "KXCLUBWCSPREAD", "KXCLUBWCTEAMTOTAL", "KXCLUBWCTOTAL", "KXCOACHONDATE", "KXCOACHOUTOLEMISS", "KXCOACHOUTUNC", "KXCOLLEGEGAMEDAY", "KXCOLLEGEGAMEDAYGUEST", "KXCONCACAFCCUP1H"], "events_discovered": 11075, "contracts_discovered": 4919, "contracts_duplicate_seen": 0, "contracts_by_family": {"btts": 64, "competition_head_to_head": 20, "competition_host": 26, "competition_last_place": 132, "competition_points_margin": 30, "competition_promotion": 24, "competition_qualification": 138, "competition_relegation": 96, "competition_team_points": 384, "competition_top_n": 306, "competition_trophies": 32, "competition_winner": 1061, "first_half_btts": 5, "first_half_handicap": 10, "first_half_result": 15, "first_half_total": 15, "handicap": 256, "match_result_3way": 1101, "player_award": 168, "player_season_leader": 247, "season_player_total": 53, "soccer_special": 189, "total_goals": 384, "tournament_advancement": 160, "unknown": 3}, "contracts_by_competition_code": {"?": 402, "APFDDH": 15, "ARGNACB": 48, "ARGPREMDIV": 30, "BELGIANPL": 18, "BRASILEIRO": 370, "BRASILEIROB": 173, "BRASILEIROC": 12, "BUNDESLIGA": 222, "CANPL": 9, "CHLLDP": 16, "CHNL1": 24, "CHNSL": 16, "CONCACAFGC": 23, "CONCACAFNL": 41, "CONMEBOLLIB": 4, "CONMEBOLSUD": 4, "COPAAMERICA": 25, "COPADELREY": 26, "COPADOBRASIL": 16, "DENSUPERLIGA": 12, "DFBPOKAL": 21, "DIMAYOR": 24, "ECULP": 16, "EFL": 37, "EFLCHAMPIONSHIP": 24, "EFLL1": 168, "EKSTRAKLASA": 18, "ENGNL": 36, "EPL": 400, "EREDIVISIE": 18, "FA": 24, "FIFAW": 96, "ISRNL": 15, "KLEAGUE": 12, "KNVB": 21, "LALIGA": 270, "LALIGA2": 21, "LIGAEXP": 27, "LIGAMX": 235, "LIGAPORTUGAL": 18, "LIGUE1": 226, "MLS": 350, "MLSEAST": 15, "MLSWEST": 15, "NWSL": 16, "PERLIGA1": 45, "PREMIERLEAGUE": 20, "SERIEA": 246, "SOCCER": 2, "SUPERLIG": 18, "SVK2L": 21, "TACAPORT": 20, "THAIL1": 16, "UCL": 354, "UCLLEAGUE": 16, "UECL": 36, "UEFAEURO": 60, "UEFANL": 48, "UEFANLGROUP": 16, "UEL": 36, "URYPD": 40, "USL": 78, "VENFUTVE": 14, "WC": 172, "WCW": 32}, "contracts_unknown_family": 3, "request_count": 551, "retry_count": 0, "milestones_note": "milestones type=soccer_tournament_multi_leg: 18852 rows, complete=True"}